// Jest Snapshot v1, https://goo.gl/fbAQLP

exports[`<CartCount /> Matches snapshot 1`] = `
<div>
  <span
    class="CartCount__AnimationStyles-xxvp4g-1 gaipoK"
  >
    <div>
      <div
        class="CartCount__Dot-xxvp4g-0 eJulvk count"
      >
        11
      </div>
    </div>
  </span>
</div>
`;
